// Jest Snapshot v1, https://goo.gl/fbAQLP

exports[`NotFoundScreen render NotFoundScreen 1`] = `
<p>
  404 !
</p>
`;
